[2026-04-21 02:50:59 : INFO] - Cache for multiple term taxonomy have been purged due to post terms update, triggered by action: set_object_terms 
[2026-04-21 02:50:59 : INFO] - Cache for URL: https://www.aryaautomation.com/iecex-hazardous-area-solutions-that-hold-up/ has been purged, triggered by action: save_post 
[2026-04-21 02:50:59 : INFO] - Cache for blog post has been purged due to updates to post with Title: "IECEx Hazardous Area Solutions That Hold Up" and URL: https://www.aryaautomation.com/iecex-hazardous-area-solutions-that-hold-up/, triggered by action: save_post 
[2026-04-21 02:50:59 : INFO] - Cache for previous post (with URL: https://www.aryaautomation.com/what-is-an-intrinsically-safe-isolator/) adjacent to post with id: 34951 has been purged, triggered by action: save_post 
[2026-04-21 02:50:59 : INFO] - Cache for all archives page associated with post_type: post and Title: "IECEx Hazardous Area Solutions That Hold Up" have been purged, triggered by action: save_post 
[2026-04-22 05:48:30 : INFO] - Cache for multiple term taxonomy have been purged due to post terms update, triggered by action: set_object_terms 
[2026-04-22 05:48:30 : INFO] - Cache for URL: https://www.aryaautomation.com/vibration-sensors-for-predictive-maintenance/ has been purged, triggered by action: save_post 
[2026-04-22 05:48:30 : INFO] - Cache for blog post has been purged due to updates to post with Title: "Vibration Sensors for Predictive Maintenance" and URL: https://www.aryaautomation.com/vibration-sensors-for-predictive-maintenance/, triggered by action: save_post 
[2026-04-22 05:48:30 : INFO] - Cache for previous post (with URL: https://www.aryaautomation.com/iecex-hazardous-area-solutions-that-hold-up/) adjacent to post with id: 34953 has been purged, triggered by action: save_post 
[2026-04-22 05:48:30 : INFO] - Cache for all archives page associated with post_type: post and Title: "Vibration Sensors for Predictive Maintenance" have been purged, triggered by action: save_post 
[2026-04-23 02:39:33 : INFO] - Cache for multiple term taxonomy have been purged due to post terms update, triggered by action: set_object_terms 
[2026-04-23 02:39:33 : INFO] - Cache for URL: https://www.aryaautomation.com/surge-protection-for-industrial-control-systems/ has been purged, triggered by action: save_post 
[2026-04-23 02:39:33 : INFO] - Cache for blog post has been purged due to updates to post with Title: "Surge Protection for Industrial Control Systems" and URL: https://www.aryaautomation.com/surge-protection-for-industrial-control-systems/, triggered by action: save_post 
[2026-04-23 02:39:33 : INFO] - Cache for previous post (with URL: https://www.aryaautomation.com/vibration-sensors-for-predictive-maintenance/) adjacent to post with id: 34955 has been purged, triggered by action: save_post 
[2026-04-23 02:39:33 : INFO] - Cache for all archives page associated with post_type: post and Title: "Surge Protection for Industrial Control Systems" have been purged, triggered by action: save_post 
[2026-04-24 06:00:54 : INFO] - Cache for multiple term taxonomy have been purged due to post terms update, triggered by action: set_object_terms 
[2026-04-24 06:00:54 : INFO] - Cache for URL: https://www.aryaautomation.com/hart-signal-isolator-selection-guide/ has been purged, triggered by action: save_post 
[2026-04-24 06:00:54 : INFO] - Cache for blog post has been purged due to updates to post with Title: "HART Signal Isolator Selection Guide" and URL: https://www.aryaautomation.com/hart-signal-isolator-selection-guide/, triggered by action: save_post 
[2026-04-24 06:00:54 : INFO] - Cache for previous post (with URL: https://www.aryaautomation.com/surge-protection-for-industrial-control-systems/) adjacent to post with id: 34957 has been purged, triggered by action: save_post 
[2026-04-24 06:00:54 : INFO] - Cache for all archives page associated with post_type: post and Title: "HART Signal Isolator Selection Guide" have been purged, triggered by action: save_post 
[2026-04-25 06:09:34 : INFO] - Cache for multiple term taxonomy have been purged due to post terms update, triggered by action: set_object_terms 
[2026-04-25 06:09:34 : INFO] - Cache for URL: https://www.aryaautomation.com/process-safety-systems-for-chemical-plants/ has been purged, triggered by action: save_post 
[2026-04-25 06:09:34 : INFO] - Cache for blog post has been purged due to updates to post with Title: "Process Safety Systems for Chemical Plants" and URL: https://www.aryaautomation.com/process-safety-systems-for-chemical-plants/, triggered by action: save_post 
[2026-04-25 06:09:34 : INFO] - Cache for previous post (with URL: https://www.aryaautomation.com/hart-signal-isolator-selection-guide/) adjacent to post with id: 34959 has been purged, triggered by action: save_post 
[2026-04-25 06:09:34 : INFO] - Cache for all archives page associated with post_type: post and Title: "Process Safety Systems for Chemical Plants" have been purged, triggered by action: save_post 
[2026-04-26 06:18:40 : INFO] - Cache for multiple term taxonomy have been purged due to post terms update, triggered by action: set_object_terms 
[2026-04-26 06:18:40 : INFO] - Cache for URL: https://www.aryaautomation.com/choosing-explosion-proof-power-supply/ has been purged, triggered by action: save_post 
[2026-04-26 06:18:40 : INFO] - Cache for blog post has been purged due to updates to post with Title: "Choosing an Explosion Proof Power Supply" and URL: https://www.aryaautomation.com/choosing-explosion-proof-power-supply/, triggered by action: save_post 
[2026-04-26 06:18:40 : INFO] - Cache for previous post (with URL: https://www.aryaautomation.com/process-safety-systems-for-chemical-plants/) adjacent to post with id: 34961 has been purged, triggered by action: save_post 
[2026-04-26 06:18:40 : INFO] - Cache for all archives page associated with post_type: post and Title: "Choosing an Explosion Proof Power Supply" have been purged, triggered by action: save_post 
[2026-04-27 02:27:28 : INFO] - Cache for multiple term taxonomy have been purged due to post terms update, triggered by action: set_object_terms 
[2026-04-27 02:27:28 : INFO] - Cache for URL: https://www.aryaautomation.com/operator-panels-for-hazardous-areas/ has been purged, triggered by action: save_post 
[2026-04-27 02:27:28 : INFO] - Cache for blog post has been purged due to updates to post with Title: "Operator Panels for Hazardous Areas" and URL: https://www.aryaautomation.com/operator-panels-for-hazardous-areas/, triggered by action: save_post 
[2026-04-27 02:27:28 : INFO] - Cache for previous post (with URL: https://www.aryaautomation.com/choosing-explosion-proof-power-supply/) adjacent to post with id: 34963 has been purged, triggered by action: save_post 
[2026-04-27 02:27:28 : INFO] - Cache for all archives page associated with post_type: post and Title: "Operator Panels for Hazardous Areas" have been purged, triggered by action: save_post 
[2026-04-28 06:33:52 : INFO] - Cache for multiple term taxonomy have been purged due to post terms update, triggered by action: set_object_terms 
[2026-04-28 06:33:52 : INFO] - Cache for URL: https://www.aryaautomation.com/safety-relay-for-emergency-shutdown/ has been purged, triggered by action: save_post 
[2026-04-28 06:33:52 : INFO] - Cache for blog post has been purged due to updates to post with Title: "Safety Relay for Emergency Shutdown Explained" and URL: https://www.aryaautomation.com/safety-relay-for-emergency-shutdown/, triggered by action: save_post 
[2026-04-28 06:33:52 : INFO] - Cache for previous post (with URL: https://www.aryaautomation.com/operator-panels-for-hazardous-areas/) adjacent to post with id: 34965 has been purged, triggered by action: save_post 
[2026-04-28 06:33:52 : INFO] - Cache for all archives page associated with post_type: post and Title: "Safety Relay for Emergency Shutdown Explained" have been purged, triggered by action: save_post 
[2026-04-29 02:21:52 : INFO] - Cache for multiple term taxonomy have been purged due to post terms update, triggered by action: set_object_terms 
[2026-04-29 02:21:52 : INFO] - Cache for URL: https://www.aryaautomation.com/hazardous-area-signal-converter-basics/ has been purged, triggered by action: save_post 
[2026-04-29 02:21:52 : INFO] - Cache for blog post has been purged due to updates to post with Title: "Hazardous Area Signal Converter Basics" and URL: https://www.aryaautomation.com/hazardous-area-signal-converter-basics/, triggered by action: save_post 
[2026-04-29 02:21:52 : INFO] - Cache for previous post (with URL: https://www.aryaautomation.com/safety-relay-for-emergency-shutdown/) adjacent to post with id: 34967 has been purged, triggered by action: save_post 
[2026-04-29 02:21:52 : INFO] - Cache for all archives page associated with post_type: post and Title: "Hazardous Area Signal Converter Basics" have been purged, triggered by action: save_post 
[2026-04-30 02:24:52 : INFO] - Cache for multiple term taxonomy have been purged due to post terms update, triggered by action: set_object_terms 
[2026-04-30 02:24:52 : INFO] - Cache for URL: https://www.aryaautomation.com/what-d1072d-means-in-industrial-automation/ has been purged, triggered by action: save_post 
[2026-04-30 02:24:52 : INFO] - Cache for blog post has been purged due to updates to post with Title: "What d1072d Means in Industrial Automation" and URL: https://www.aryaautomation.com/what-d1072d-means-in-industrial-automation/, triggered by action: save_post 
[2026-04-30 02:24:52 : INFO] - Cache for previous post (with URL: https://www.aryaautomation.com/hazardous-area-signal-converter-basics/) adjacent to post with id: 34969 has been purged, triggered by action: save_post 
[2026-04-30 02:24:52 : INFO] - Cache for all archives page associated with post_type: post and Title: "What d1072d Means in Industrial Automation" have been purged, triggered by action: save_post 
[2026-05-01 01:18:51 : INFO] - Cache for multiple term taxonomy have been purged due to post terms update, triggered by action: set_object_terms 
[2026-05-01 01:18:51 : INFO] - Cache for URL: https://www.aryaautomation.com/hazardous-area-automation-guide/ has been purged, triggered by action: save_post 
[2026-05-01 01:18:51 : INFO] - Cache for blog post has been purged due to updates to post with Title: "Hazardous Area Automation Guide" and URL: https://www.aryaautomation.com/hazardous-area-automation-guide/, triggered by action: save_post 
[2026-05-01 01:18:51 : INFO] - Cache for previous post (with URL: https://www.aryaautomation.com/what-d1072d-means-in-industrial-automation/) adjacent to post with id: 34971 has been purged, triggered by action: save_post 
[2026-05-01 01:18:51 : INFO] - Cache for all archives page associated with post_type: post and Title: "Hazardous Area Automation Guide" have been purged, triggered by action: save_post 
[2026-05-02 01:15:52 : INFO] - Cache for multiple term taxonomy have been purged due to post terms update, triggered by action: set_object_terms 
[2026-05-02 01:15:52 : INFO] - Cache for URL: https://www.aryaautomation.com/d5072d-safety-relay-sil-applications/ has been purged, triggered by action: save_post 
[2026-05-02 01:15:52 : INFO] - Cache for blog post has been purged due to updates to post with Title: "d5072d Safety Relay in SIL Applications" and URL: https://www.aryaautomation.com/d5072d-safety-relay-sil-applications/, triggered by action: save_post 
[2026-05-02 01:15:52 : INFO] - Cache for previous post (with URL: https://www.aryaautomation.com/hazardous-area-automation-guide/) adjacent to post with id: 34973 has been purged, triggered by action: save_post 
[2026-05-02 01:15:52 : INFO] - Cache for all archives page associated with post_type: post and Title: "d5072d Safety Relay in SIL Applications" have been purged, triggered by action: save_post 
[2026-05-03 01:12:23 : INFO] - Cache for multiple term taxonomy have been purged due to post terms update, triggered by action: set_object_terms 
[2026-05-03 01:12:23 : INFO] - Cache for URL: https://www.aryaautomation.com/safety-relay-basics-critical-systems/ has been purged, triggered by action: save_post 
[2026-05-03 01:12:23 : INFO] - Cache for blog post has been purged due to updates to post with Title: "Safety Relay Basics for Critical Systems" and URL: https://www.aryaautomation.com/safety-relay-basics-critical-systems/, triggered by action: save_post 
[2026-05-03 01:12:23 : INFO] - Cache for previous post (with URL: https://www.aryaautomation.com/d5072d-safety-relay-sil-applications/) adjacent to post with id: 34975 has been purged, triggered by action: save_post 
[2026-05-03 01:12:23 : INFO] - Cache for all archives page associated with post_type: post and Title: "Safety Relay Basics for Critical Systems" have been purged, triggered by action: save_post 
[2026-05-04 01:12:23 : INFO] - Cache for multiple term taxonomy have been purged due to post terms update, triggered by action: set_object_terms 
[2026-05-04 01:12:23 : INFO] - Cache for URL: https://www.aryaautomation.com/what-is-d5098s-hazardous-area-control/ has been purged, triggered by action: save_post 
[2026-05-04 01:12:23 : INFO] - Cache for blog post has been purged due to updates to post with Title: "What Is d5098s in Hazardous-Area Control?" and URL: https://www.aryaautomation.com/what-is-d5098s-hazardous-area-control/, triggered by action: save_post 
[2026-05-04 01:12:23 : INFO] - Cache for previous post (with URL: https://www.aryaautomation.com/safety-relay-basics-critical-systems/) adjacent to post with id: 34977 has been purged, triggered by action: save_post 
[2026-05-04 01:12:23 : INFO] - Cache for all archives page associated with post_type: post and Title: "What Is d5098s in Hazardous-Area Control?" have been purged, triggered by action: save_post 
[2026-05-05 01:13:19 : INFO] - Cache for multiple term taxonomy have been purged due to post terms update, triggered by action: set_object_terms 
[2026-05-05 01:13:19 : INFO] - Cache for URL: https://www.aryaautomation.com/what-d5093s-means-industrial-safety/ has been purged, triggered by action: save_post 
[2026-05-05 01:13:19 : INFO] - Cache for blog post has been purged due to updates to post with Title: "What d5093s Means in Industrial Safety" and URL: https://www.aryaautomation.com/what-d5093s-means-industrial-safety/, triggered by action: save_post 
[2026-05-05 01:13:19 : INFO] - Cache for previous post (with URL: https://www.aryaautomation.com/what-is-d5098s-hazardous-area-control/) adjacent to post with id: 34979 has been purged, triggered by action: save_post 
[2026-05-05 01:13:19 : INFO] - Cache for all archives page associated with post_type: post and Title: "What d5093s Means in Industrial Safety" have been purged, triggered by action: save_post 
[2026-05-06 01:09:52 : INFO] - Cache for multiple term taxonomy have been purged due to post terms update, triggered by action: set_object_terms 
[2026-05-06 01:09:52 : INFO] - Cache for URL: https://www.aryaautomation.com/what-d1073s-means-in-hazardous-area-control/ has been purged, triggered by action: save_post 
[2026-05-06 01:09:52 : INFO] - Cache for blog post has been purged due to updates to post with Title: "What d1073s Means in Hazardous-Area Control" and URL: https://www.aryaautomation.com/what-d1073s-means-in-hazardous-area-control/, triggered by action: save_post 
[2026-05-06 01:09:52 : INFO] - Cache for previous post (with URL: https://www.aryaautomation.com/what-d5093s-means-industrial-safety/) adjacent to post with id: 34981 has been purged, triggered by action: save_post 
[2026-05-06 01:09:52 : INFO] - Cache for all archives page associated with post_type: post and Title: "What d1073s Means in Hazardous-Area Control" have been purged, triggered by action: save_post 
[2026-05-07 01:09:52 : INFO] - Cache for multiple term taxonomy have been purged due to post terms update, triggered by action: set_object_terms 
[2026-05-07 01:09:52 : INFO] - Cache for URL: https://www.aryaautomation.com/what-d1010d-means-in-industrial-safety/ has been purged, triggered by action: save_post 
[2026-05-07 01:09:52 : INFO] - Cache for blog post has been purged due to updates to post with Title: "What d1010d Means in Industrial Safety" and URL: https://www.aryaautomation.com/what-d1010d-means-in-industrial-safety/, triggered by action: save_post 
[2026-05-07 01:09:52 : INFO] - Cache for previous post (with URL: https://www.aryaautomation.com/what-d1073s-means-in-hazardous-area-control/) adjacent to post with id: 34983 has been purged, triggered by action: save_post 
[2026-05-07 01:09:52 : INFO] - Cache for all archives page associated with post_type: post and Title: "What d1010d Means in Industrial Safety" have been purged, triggered by action: save_post 
[2026-05-08 01:09:47 : INFO] - Cache for multiple term taxonomy have been purged due to post terms update, triggered by action: set_object_terms 
[2026-05-08 01:09:47 : INFO] - Cache for URL: https://www.aryaautomation.com/what-d1044d-means-in-industrial-safety/ has been purged, triggered by action: save_post 
[2026-05-08 01:09:47 : INFO] - Cache for blog post has been purged due to updates to post with Title: "What d1044d Means in Industrial Safety" and URL: https://www.aryaautomation.com/what-d1044d-means-in-industrial-safety/, triggered by action: save_post 
[2026-05-08 01:09:47 : INFO] - Cache for previous post (with URL: https://www.aryaautomation.com/what-d1010d-means-in-industrial-safety/) adjacent to post with id: 34985 has been purged, triggered by action: save_post 
[2026-05-08 01:09:47 : INFO] - Cache for all archives page associated with post_type: post and Title: "What d1044d Means in Industrial Safety" have been purged, triggered by action: save_post 
[2026-05-09 01:09:46 : INFO] - Cache for multiple term taxonomy have been purged due to post terms update, triggered by action: set_object_terms 
[2026-05-09 01:09:47 : INFO] - Cache for URL: https://www.aryaautomation.com/what-d1092d-means-in-industrial-safety/ has been purged, triggered by action: save_post 
[2026-05-09 01:09:47 : INFO] - Cache for blog post has been purged due to updates to post with Title: "What d1092d Means in Industrial Safety" and URL: https://www.aryaautomation.com/what-d1092d-means-in-industrial-safety/, triggered by action: save_post 
[2026-05-09 01:09:47 : INFO] - Cache for previous post (with URL: https://www.aryaautomation.com/what-d1044d-means-in-industrial-safety/) adjacent to post with id: 34987 has been purged, triggered by action: save_post 
[2026-05-09 01:09:47 : INFO] - Cache for all archives page associated with post_type: post and Title: "What d1092d Means in Industrial Safety" have been purged, triggered by action: save_post 
[2026-05-10 07:57:44 : INFO] - Cache for multiple term taxonomy have been purged due to post terms update, triggered by action: set_object_terms 
[2026-05-10 07:57:45 : INFO] - Cache for URL: https://www.aryaautomation.com/what-d5031d-means-in-hazardous-control/ has been purged, triggered by action: save_post 
[2026-05-10 07:57:45 : INFO] - Cache for blog post has been purged due to updates to post with Title: "What d5031d Means in Hazardous Control" and URL: https://www.aryaautomation.com/what-d5031d-means-in-hazardous-control/, triggered by action: save_post 
[2026-05-10 07:57:45 : INFO] - Cache for previous post (with URL: https://www.aryaautomation.com/what-d1092d-means-in-industrial-safety/) adjacent to post with id: 34989 has been purged, triggered by action: save_post 
[2026-05-10 07:57:45 : INFO] - Cache for all archives page associated with post_type: post and Title: "What d5031d Means in Hazardous Control" have been purged, triggered by action: save_post 
[2026-05-11 01:06:54 : INFO] - Cache for multiple term taxonomy have been purged due to post terms update, triggered by action: set_object_terms 
[2026-05-11 01:06:54 : INFO] - Cache for URL: https://www.aryaautomation.com/what-d5037d-means-industrial-safety/ has been purged, triggered by action: save_post 
[2026-05-11 01:06:54 : INFO] - Cache for blog post has been purged due to updates to post with Title: "What d5037d Means in Industrial Safety" and URL: https://www.aryaautomation.com/what-d5037d-means-industrial-safety/, triggered by action: save_post 
[2026-05-11 01:06:54 : INFO] - Cache for previous post (with URL: https://www.aryaautomation.com/what-d5031d-means-in-hazardous-control/) adjacent to post with id: 34991 has been purged, triggered by action: save_post 
[2026-05-11 01:06:54 : INFO] - Cache for all archives page associated with post_type: post and Title: "What d5037d Means in Industrial Safety" have been purged, triggered by action: save_post 
[2026-05-12 08:13:00 : INFO] - Cache for multiple term taxonomy have been purged due to post terms update, triggered by action: set_object_terms 
[2026-05-12 08:13:00 : INFO] - Cache for URL: https://www.aryaautomation.com/what-d5231e-means-in-industrial-control/ has been purged, triggered by action: save_post 
[2026-05-12 08:13:00 : INFO] - Cache for blog post has been purged due to updates to post with Title: "What d5231e Means in Industrial Control" and URL: https://www.aryaautomation.com/what-d5231e-means-in-industrial-control/, triggered by action: save_post 
[2026-05-12 08:13:00 : INFO] - Cache for previous post (with URL: https://www.aryaautomation.com/what-d5037d-means-industrial-safety/) adjacent to post with id: 34993 has been purged, triggered by action: save_post 
[2026-05-12 08:13:00 : INFO] - Cache for all archives page associated with post_type: post and Title: "What d5231e Means in Industrial Control" have been purged, triggered by action: save_post 
[2026-05-13 01:06:23 : INFO] - Cache for multiple term taxonomy have been purged due to post terms update, triggered by action: set_object_terms 
[2026-05-13 01:06:23 : INFO] - Cache for URL: https://www.aryaautomation.com/what-d1032q-means-industrial-control/ has been purged, triggered by action: save_post 
[2026-05-13 01:06:23 : INFO] - Cache for blog post has been purged due to updates to post with Title: "What d1032q Means in Industrial Control" and URL: https://www.aryaautomation.com/what-d1032q-means-industrial-control/, triggered by action: save_post 
[2026-05-13 01:06:23 : INFO] - Cache for previous post (with URL: https://www.aryaautomation.com/what-d5231e-means-in-industrial-control/) adjacent to post with id: 34995 has been purged, triggered by action: save_post 
[2026-05-13 01:06:23 : INFO] - Cache for all archives page associated with post_type: post and Title: "What d1032q Means in Industrial Control" have been purged, triggered by action: save_post 
[2026-05-14 04:48:39 : INFO] - Cache for multiple term taxonomy have been purged due to post terms update, triggered by action: set_object_terms 
[2026-05-14 04:48:39 : INFO] - Cache for URL: https://www.aryaautomation.com/hs-429-hansford-sensor/ has been purged, triggered by action: save_post 
[2026-05-14 04:48:39 : INFO] - Cache for blog post has been purged due to updates to post with Title: "HS-429 Hansford Sensor for Vibration Duty" and URL: https://www.aryaautomation.com/hs-429-hansford-sensor/, triggered by action: save_post 
[2026-05-14 04:48:39 : INFO] - Cache for previous post (with URL: https://www.aryaautomation.com/what-d1032q-means-industrial-control/) adjacent to post with id: 34997 has been purged, triggered by action: save_post 
[2026-05-14 04:48:39 : INFO] - Cache for all archives page associated with post_type: post and Title: "HS-429 Hansford Sensor for Vibration Duty" have been purged, triggered by action: save_post 
[2026-05-15 03:24:44 : INFO] - Cache for multiple term taxonomy have been purged due to post terms update, triggered by action: set_object_terms 
[2026-05-15 03:24:44 : INFO] - Cache for URL: https://www.aryaautomation.com/sil2-vs-sil3-relay-selection/ has been purged, triggered by action: save_post 
[2026-05-15 03:24:44 : INFO] - Cache for blog post has been purged due to updates to post with Title: "SIL2 vs SIL3 Relay Selection Explained" and URL: https://www.aryaautomation.com/sil2-vs-sil3-relay-selection/, triggered by action: save_post 
[2026-05-15 03:24:44 : INFO] - Cache for previous post (with URL: https://www.aryaautomation.com/hs-429-hansford-sensor/) adjacent to post with id: 34999 has been purged, triggered by action: save_post 
[2026-05-15 03:24:44 : INFO] - Cache for all archives page associated with post_type: post and Title: "SIL2 vs SIL3 Relay Selection Explained" have been purged, triggered by action: save_post 
[2026-05-16 02:24:40 : INFO] - Cache for multiple term taxonomy have been purged due to post terms update, triggered by action: set_object_terms 
[2026-05-16 02:24:40 : INFO] - Cache for URL: https://www.aryaautomation.com/atex-vs-iecex-certification-differences/ has been purged, triggered by action: save_post 
[2026-05-16 02:24:40 : INFO] - Cache for blog post has been purged due to updates to post with Title: "ATEX vs IECEx Certification Differences" and URL: https://www.aryaautomation.com/atex-vs-iecex-certification-differences/, triggered by action: save_post 
[2026-05-16 02:24:40 : INFO] - Cache for previous post (with URL: https://www.aryaautomation.com/sil2-vs-sil3-relay-selection/) adjacent to post with id: 35001 has been purged, triggered by action: save_post 
[2026-05-16 02:24:40 : INFO] - Cache for all archives page associated with post_type: post and Title: "ATEX vs IECEx Certification Differences" have been purged, triggered by action: save_post 
[2026-05-18 02:06:44 : INFO] - Cache for multiple term taxonomy have been purged due to post terms update, triggered by action: set_object_terms 
[2026-05-18 02:06:44 : INFO] - Cache for URL: https://www.aryaautomation.com/intrinsic-safety-design-guide-hazardous-areas/ has been purged, triggered by action: save_post 
[2026-05-18 02:06:44 : INFO] - Cache for blog post has been purged due to updates to post with Title: "Intrinsic Safety Design Guide for Hazardous Areas" and URL: https://www.aryaautomation.com/intrinsic-safety-design-guide-hazardous-areas/, triggered by action: save_post 
[2026-05-18 02:06:44 : INFO] - Cache for previous post (with URL: https://www.aryaautomation.com/atex-vs-iecex-certification-differences/) adjacent to post with id: 35003 has been purged, triggered by action: save_post 
[2026-05-18 02:06:44 : INFO] - Cache for all archives page associated with post_type: post and Title: "Intrinsic Safety Design Guide for Hazardous Areas" have been purged, triggered by action: save_post 
[2026-05-19 03:09:17 : INFO] - Cache for multiple term taxonomy have been purged due to post terms update, triggered by action: set_object_terms 
[2026-05-19 03:09:17 : INFO] - Cache for URL: https://www.aryaautomation.com/offshore-automation-safety-systems/ has been purged, triggered by action: save_post 
[2026-05-19 03:09:17 : INFO] - Cache for blog post has been purged due to updates to post with Title: "Offshore Automation Safety Systems That Hold Up" and URL: https://www.aryaautomation.com/offshore-automation-safety-systems/, triggered by action: save_post 
[2026-05-19 03:09:17 : INFO] - Cache for previous post (with URL: https://www.aryaautomation.com/intrinsic-safety-design-guide-hazardous-areas/) adjacent to post with id: 35005 has been purged, triggered by action: save_post 
[2026-05-19 03:09:17 : INFO] - Cache for all archives page associated with post_type: post and Title: "Offshore Automation Safety Systems That Hold Up" have been purged, triggered by action: save_post 
[2026-05-20 02:06:18 : INFO] - Cache for multiple term taxonomy have been purged due to post terms update, triggered by action: set_object_terms 
[2026-05-20 02:06:18 : INFO] - Cache for URL: https://www.aryaautomation.com/how-to-choose-intrinsically-safe-isolators/ has been purged, triggered by action: save_post 
[2026-05-20 02:06:18 : INFO] - Cache for blog post has been purged due to updates to post with Title: "How to Choose Intrinsically Safe Isolators" and URL: https://www.aryaautomation.com/how-to-choose-intrinsically-safe-isolators/, triggered by action: save_post 
[2026-05-20 02:06:18 : INFO] - Cache for previous post (with URL: https://www.aryaautomation.com/offshore-automation-safety-systems/) adjacent to post with id: 35007 has been purged, triggered by action: save_post 
[2026-05-20 02:06:18 : INFO] - Cache for all archives page associated with post_type: post and Title: "How to Choose Intrinsically Safe Isolators" have been purged, triggered by action: save_post 
[2026-05-22 03:15:29 : INFO] - Cache for multiple term taxonomy have been purged due to post terms update, triggered by action: set_object_terms 
[2026-05-22 03:15:29 : INFO] - Cache for URL: https://www.aryaautomation.com/how-to-specify-sil3-safety-relays/ has been purged, triggered by action: save_post 
[2026-05-22 03:15:29 : INFO] - Cache for blog post has been purged due to updates to post with Title: "How to Specify SIL3 Safety Relays" and URL: https://www.aryaautomation.com/how-to-specify-sil3-safety-relays/, triggered by action: save_post 
[2026-05-22 03:15:29 : INFO] - Cache for previous post (with URL: https://www.aryaautomation.com/how-to-choose-intrinsically-safe-isolators/) adjacent to post with id: 35009 has been purged, triggered by action: save_post 
[2026-05-22 03:15:29 : INFO] - Cache for all archives page associated with post_type: post and Title: "How to Specify SIL3 Safety Relays" have been purged, triggered by action: save_post 
[2026-05-24 03:21:24 : INFO] - Cache for multiple term taxonomy have been purged due to post terms update, triggered by action: set_object_terms 
[2026-05-24 03:21:24 : INFO] - Cache for URL: https://www.aryaautomation.com/galvanic-isolator-vs-zener-barrier/ has been purged, triggered by action: save_post 
[2026-05-24 03:21:24 : INFO] - Cache for blog post has been purged due to updates to post with Title: "Galvanic Isolator vs Zener Barrier" and URL: https://www.aryaautomation.com/galvanic-isolator-vs-zener-barrier/, triggered by action: save_post 
[2026-05-24 03:21:24 : INFO] - Cache for previous post (with URL: https://www.aryaautomation.com/how-to-specify-sil3-safety-relays/) adjacent to post with id: 35011 has been purged, triggered by action: save_post 
[2026-05-24 03:21:24 : INFO] - Cache for all archives page associated with post_type: post and Title: "Galvanic Isolator vs Zener Barrier" have been purged, triggered by action: save_post 
[2026-05-25 01:15:26 : INFO] - Cache for multiple term taxonomy have been purged due to post terms update, triggered by action: set_object_terms 
[2026-05-25 01:15:26 : INFO] - Cache for URL: https://www.aryaautomation.com/industrial-vibration-monitoring-system-guide/ has been purged, triggered by action: save_post 
[2026-05-25 01:15:26 : INFO] - Cache for blog post has been purged due to updates to post with Title: "Industrial Vibration Monitoring System Guide" and URL: https://www.aryaautomation.com/industrial-vibration-monitoring-system-guide/, triggered by action: save_post 
[2026-05-25 01:15:26 : INFO] - Cache for previous post (with URL: https://www.aryaautomation.com/galvanic-isolator-vs-zener-barrier/) adjacent to post with id: 35013 has been purged, triggered by action: save_post 
[2026-05-25 01:15:26 : INFO] - Cache for all archives page associated with post_type: post and Title: "Industrial Vibration Monitoring System Guide" have been purged, triggered by action: save_post 
[2026-05-27 01:27:21 : INFO] - Cache for multiple term taxonomy have been purged due to post terms update, triggered by action: set_object_terms 
[2026-05-27 01:27:21 : INFO] - Cache for URL: https://www.aryaautomation.com/atex-vs-iecex-certification/ has been purged, triggered by action: save_post 
[2026-05-27 01:27:21 : INFO] - Cache for blog post has been purged due to updates to post with Title: "ATEX vs IECEx Certification: Key Differences" and URL: https://www.aryaautomation.com/atex-vs-iecex-certification/, triggered by action: save_post 
[2026-05-27 01:27:21 : INFO] - Cache for previous post (with URL: https://www.aryaautomation.com/industrial-vibration-monitoring-system-guide/) adjacent to post with id: 35015 has been purged, triggered by action: save_post 
[2026-05-27 01:27:21 : INFO] - Cache for all archives page associated with post_type: post and Title: "ATEX vs IECEx Certification: Key Differences" have been purged, triggered by action: save_post 
[2026-05-28 10:21:39 : INFO] - Cache for multiple term taxonomy have been purged due to post terms update, triggered by action: set_object_terms 
[2026-05-28 10:21:39 : INFO] - Cache for URL: https://www.aryaautomation.com/ctc-sensor-exclusive-distributer/ has been purged, triggered by action: save_post 
[2026-05-28 10:21:39 : INFO] - Cache for blog post has been purged due to updates to post with Title: "CTC Sensor Exclusive Distributer: What Matters" and URL: https://www.aryaautomation.com/ctc-sensor-exclusive-distributer/, triggered by action: save_post 
[2026-05-28 10:21:40 : INFO] - Cache for previous post (with URL: https://www.aryaautomation.com/atex-vs-iecex-certification/) adjacent to post with id: 35017 has been purged, triggered by action: save_post 
[2026-05-28 10:21:40 : INFO] - Cache for all archives page associated with post_type: post and Title: "CTC Sensor Exclusive Distributer: What Matters" have been purged, triggered by action: save_post 
[2026-05-29 02:09:29 : INFO] - Cache for multiple term taxonomy have been purged due to post terms update, triggered by action: set_object_terms 
[2026-05-29 02:09:29 : INFO] - Cache for URL: https://www.aryaautomation.com/what-is-iecex-certification/ has been purged, triggered by action: save_post 
[2026-05-29 02:09:29 : INFO] - Cache for blog post has been purged due to updates to post with Title: "What Is IECEx Certification?" and URL: https://www.aryaautomation.com/what-is-iecex-certification/, triggered by action: save_post 
[2026-05-29 02:09:29 : INFO] - Cache for previous post (with URL: https://www.aryaautomation.com/ctc-sensor-exclusive-distributer/) adjacent to post with id: 35019 has been purged, triggered by action: save_post 
[2026-05-29 02:09:29 : INFO] - Cache for all archives page associated with post_type: post and Title: "What Is IECEx Certification?" have been purged, triggered by action: save_post 
[2026-05-30 05:39:48 : INFO] - Cache for multiple term taxonomy have been purged due to post terms update, triggered by action: set_object_terms 
[2026-05-30 05:39:48 : INFO] - Cache for URL: https://www.aryaautomation.com/ctc-vibration-sensor-selection-guide/ has been purged, triggered by action: save_post 
[2026-05-30 05:39:48 : INFO] - Cache for blog post has been purged due to updates to post with Title: "CTC Vibration Sensor Selection Guide" and URL: https://www.aryaautomation.com/ctc-vibration-sensor-selection-guide/, triggered by action: save_post 
[2026-05-30 05:39:48 : INFO] - Cache for previous post (with URL: https://www.aryaautomation.com/what-is-iecex-certification/) adjacent to post with id: 35021 has been purged, triggered by action: save_post 
[2026-05-30 05:39:48 : INFO] - Cache for all archives page associated with post_type: post and Title: "CTC Vibration Sensor Selection Guide" have been purged, triggered by action: save_post 
[2026-05-31 06:27:32 : INFO] - Cache for multiple term taxonomy have been purged due to post terms update, triggered by action: set_object_terms 
[2026-05-31 06:27:32 : INFO] - Cache for URL: https://www.aryaautomation.com/functional-safety-lifecycle-explained/ has been purged, triggered by action: save_post 
[2026-05-31 06:27:32 : INFO] - Cache for blog post has been purged due to updates to post with Title: "Functional Safety Lifecycle Explained" and URL: https://www.aryaautomation.com/functional-safety-lifecycle-explained/, triggered by action: save_post 
[2026-05-31 06:27:32 : INFO] - Cache for previous post (with URL: https://www.aryaautomation.com/ctc-vibration-sensor-selection-guide/) adjacent to post with id: 35023 has been purged, triggered by action: save_post 
[2026-05-31 06:27:32 : INFO] - Cache for all archives page associated with post_type: post and Title: "Functional Safety Lifecycle Explained" have been purged, triggered by action: save_post 
[2026-06-01 05:36:33 : INFO] - Cache for multiple term taxonomy have been purged due to post terms update, triggered by action: set_object_terms 
[2026-06-01 05:36:33 : INFO] - Cache for URL: https://www.aryaautomation.com/ctc-sensor-selection-critical-machinery/ has been purged, triggered by action: save_post 
[2026-06-01 05:36:33 : INFO] - Cache for blog post has been purged due to updates to post with Title: "CTC Sensor Selection for Critical Machinery" and URL: https://www.aryaautomation.com/ctc-sensor-selection-critical-machinery/, triggered by action: save_post 
[2026-06-01 05:36:33 : INFO] - Cache for previous post (with URL: https://www.aryaautomation.com/functional-safety-lifecycle-explained/) adjacent to post with id: 35025 has been purged, triggered by action: save_post 
[2026-06-01 05:36:33 : INFO] - Cache for all archives page associated with post_type: post and Title: "CTC Sensor Selection for Critical Machinery" have been purged, triggered by action: save_post 
[2026-06-02 02:40:34 : INFO] - Cache for multiple term taxonomy have been purged due to post terms update, triggered by action: set_object_terms 
[2026-06-02 02:40:34 : INFO] - Cache for URL: https://www.aryaautomation.com/hydrogen-plant-safety-instrumentation/ has been purged, triggered by action: save_post 
[2026-06-02 02:40:34 : INFO] - Cache for blog post has been purged due to updates to post with Title: "Hydrogen Plant Safety Instrumentation" and URL: https://www.aryaautomation.com/hydrogen-plant-safety-instrumentation/, triggered by action: save_post 
[2026-06-02 02:40:34 : INFO] - Cache for previous post (with URL: https://www.aryaautomation.com/ctc-sensor-selection-critical-machinery/) adjacent to post with id: 35027 has been purged, triggered by action: save_post 
[2026-06-02 02:40:34 : INFO] - Cache for all archives page associated with post_type: post and Title: "Hydrogen Plant Safety Instrumentation" have been purged, triggered by action: save_post 
[2026-06-03 05:16:04 : INFO] - Cache for multiple term taxonomy have been purged due to post terms update, triggered by action: set_object_terms 
[2026-06-03 05:16:04 : INFO] - Cache for URL: https://www.aryaautomation.com/what-https-www-ctconline-com-means/ has been purged, triggered by action: save_post 
[2026-06-03 05:16:04 : INFO] - Cache for blog post has been purged due to updates to post with Title: "What https://www.ctconline.com/ Means" and URL: https://www.aryaautomation.com/what-https-www-ctconline-com-means/, triggered by action: save_post 
[2026-06-03 05:16:04 : INFO] - Cache for previous post (with URL: https://www.aryaautomation.com/hydrogen-plant-safety-instrumentation/) adjacent to post with id: 35029 has been purged, triggered by action: save_post 
[2026-06-03 05:16:04 : INFO] - Cache for all archives page associated with post_type: post and Title: "What https://www.ctconline.com/ Means" have been purged, triggered by action: save_post 
[2026-06-04 02:57:43 : INFO] - Cache for multiple term taxonomy have been purged due to post terms update, triggered by action: set_object_terms 
[2026-06-04 02:57:43 : INFO] - Cache for URL: https://www.aryaautomation.com/how-to-design-hazardous-area-signals/ has been purged, triggered by action: save_post 
[2026-06-04 02:57:43 : INFO] - Cache for blog post has been purged due to updates to post with Title: "How to Design Hazardous Area Signals" and URL: https://www.aryaautomation.com/how-to-design-hazardous-area-signals/, triggered by action: save_post 
[2026-06-04 02:57:43 : INFO] - Cache for previous post (with URL: https://www.aryaautomation.com/what-https-www-ctconline-com-means/) adjacent to post with id: 35031 has been purged, triggered by action: save_post 
[2026-06-04 02:57:43 : INFO] - Cache for all archives page associated with post_type: post and Title: "How to Design Hazardous Area Signals" have been purged, triggered by action: save_post 
[2026-06-06 03:51:40 : INFO] - Cache for multiple term taxonomy have been purged due to post terms update, triggered by action: set_object_terms 
[2026-06-06 03:51:40 : INFO] - Cache for URL: https://www.aryaautomation.com/guide-to-emergency-shutdown-architecture/ has been purged, triggered by action: save_post 
[2026-06-06 03:51:40 : INFO] - Cache for blog post has been purged due to updates to post with Title: "Guide to Emergency Shutdown Architecture" and URL: https://www.aryaautomation.com/guide-to-emergency-shutdown-architecture/, triggered by action: save_post 
[2026-06-06 03:51:40 : INFO] - Cache for previous post (with URL: https://www.aryaautomation.com/how-to-design-hazardous-area-signals/) adjacent to post with id: 35033 has been purged, triggered by action: save_post 
[2026-06-06 03:51:40 : INFO] - Cache for all archives page associated with post_type: post and Title: "Guide to Emergency Shutdown Architecture" have been purged, triggered by action: save_post 
